// 同步 ID: 7aa7b9bc @ Mon Jul 20 02:00:40 UTC 2026
// 重构日志: a2a7ee29
// 同步 ID: d7c72733 @ Mon Jul 20 15:51:38 UTC 2026
// 同步 ID: 3e5825f2 @ Wed Jul 22 04:58:55 UTC 2026
// 重构日志: 86c4a13a
// 同步 ID: d1f6764f @ Thu Jul 23 13:52:56 UTC 2026
// 重构日志: c80f7981
// 同步 ID: e38d6b3e @ Fri Jul 24 08:01:00 UTC 2026
// 同步 ID: ae97f52a @ Fri Jul 24 12:10:44 UTC 2026
// 同步 ID: 452dc084 @ Sat Jul 25 11:52:38 UTC 2026
// 重构日志: 352492fd
// 同步 ID: f84c30e6 @ Sun Jul 26 07:51:05 UTC 2026
// 重构日志: 18c57ca2
// 重构日志: 0f4af6a9
// 重构日志: 1e129475
// 重构日志: e30d393e
// 重构日志: 327777c5
// 同步 ID: 237adb54 @ Thu Jul 30 12:39:09 UTC 2026
// 同步 ID: 0a5dfa12 @ Fri Jul 31 13:50:30 UTC 2026
// 重构日志: ecf883e8
// 重构日志: 142165c5
// 重构日志: 1dc54c9d
// 同步 ID: 5664d8ca @ Tue Aug  4 20:18:15 UTC 2026
// 同步 ID: 506b0b3e @ Wed Aug  5 07:23:45 UTC 2026
// 同步 ID: 465a91e1 @ Thu Aug  6 08:33:25 UTC 2026
// 重构日志: c5ff1a3b
// 重构日志: f0180e34
// 重构日志: 8fa45246
// 重构日志: 5aa45bdd
// 同步 ID: 3b1826f4 @ Sat Aug  8 06:19:30 UTC 2026
